// Jest Snapshot v1, https://goo.gl/fbAQLP

exports[`Headerbar works correctly renders without crashing 1`] = `
Object {
  "asFragment": [Function],
  "baseElement": <body>
    <div>
      <div
        class="bg-gray sticky top-0 z-50"
      >
        <nav
          class="h-14 w-11/12 lg:w-10/12 py-2 mx-auto flex justify-between"
        >
          <div
            class="flex items-center space-x-4"
          >
            <div
              class="bg-white hover:opacity-60 text-secondary rounded flex items-center px-1 justify-center h-10 transition duration-300"
            >
              <a
                class="font-bold text-lg text-gray"
                href="/"
              >
                Mdev
              </a>
            </div>
            <form
              class="hidden md:block"
            >
              <input
                class="border shadow-lg border-gray-600 rounded py-2 px-2 bg-gray-100 focus:outline-none focus:ring-1 focus:ring-primary focus:bg-background focus:border-transparent h-10 w-96 placeholder-gray-500 transition duration-200"
                placeholder="Search..."
                value=""
              />
            </form>
          </div>
          <div
            class="flex items-center space-x-4"
          >
            <a
              class="btn-primary text-gray"
              href="/login"
            >
              Login
            </a>
            <a
              class="btn-white text-gray font-light"
              href="/signup"
            >
              Signup
            </a>
          </div>
        </nav>
      </div>
    </div>
  </body>,
  "container": <div>
    <div
      class="bg-gray sticky top-0 z-50"
    >
      <nav
        class="h-14 w-11/12 lg:w-10/12 py-2 mx-auto flex justify-between"
      >
        <div
          class="flex items-center space-x-4"
        >
          <div
            class="bg-white hover:opacity-60 text-secondary rounded flex items-center px-1 justify-center h-10 transition duration-300"
          >
            <a
              class="font-bold text-lg text-gray"
              href="/"
            >
              Mdev
            </a>
          </div>
          <form
            class="hidden md:block"
          >
            <input
              class="border shadow-lg border-gray-600 rounded py-2 px-2 bg-gray-100 focus:outline-none focus:ring-1 focus:ring-primary focus:bg-background focus:border-transparent h-10 w-96 placeholder-gray-500 transition duration-200"
              placeholder="Search..."
              value=""
            />
          </form>
        </div>
        <div
          class="flex items-center space-x-4"
        >
          <a
            class="btn-primary text-gray"
            href="/login"
          >
            Login
          </a>
          <a
            class="btn-white text-gray font-light"
            href="/signup"
          >
            Signup
          </a>
        </div>
      </nav>
    </div>
  </div>,
  "debug": [Function],
  "findAllByAltText": [Function],
  "findAllByDisplayValue": [Function],
  "findAllByLabelText": [Function],
  "findAllByPlaceholderText": [Function],
  "findAllByRole": [Function],
  "findAllByTestId": [Function],
  "findAllByText": [Function],
  "findAllByTitle": [Function],
  "findByAltText": [Function],
  "findByDisplayValue": [Function],
  "findByLabelText": [Function],
  "findByPlaceholderText": [Function],
  "findByRole": [Function],
  "findByTestId": [Function],
  "findByText": [Function],
  "findByTitle": [Function],
  "getAllByAltText": [Function],
  "getAllByDisplayValue": [Function],
  "getAllByLabelText": [Function],
  "getAllByPlaceholderText": [Function],
  "getAllByRole": [Function],
  "getAllByTestId": [Function],
  "getAllByText": [Function],
  "getAllByTitle": [Function],
  "getByAltText": [Function],
  "getByDisplayValue": [Function],
  "getByLabelText": [Function],
  "getByPlaceholderText": [Function],
  "getByRole": [Function],
  "getByTestId": [Function],
  "getByText": [Function],
  "getByTitle": [Function],
  "queryAllByAltText": [Function],
  "queryAllByDisplayValue": [Function],
  "queryAllByLabelText": [Function],
  "queryAllByPlaceholderText": [Function],
  "queryAllByRole": [Function],
  "queryAllByTestId": [Function],
  "queryAllByText": [Function],
  "queryAllByTitle": [Function],
  "queryByAltText": [Function],
  "queryByDisplayValue": [Function],
  "queryByLabelText": [Function],
  "queryByPlaceholderText": [Function],
  "queryByRole": [Function],
  "queryByTestId": [Function],
  "queryByText": [Function],
  "queryByTitle": [Function],
  "rerender": [Function],
  "unmount": [Function],
}
`;
